.../023-libedit2_3.1-20210910-1build1_amd64.deb ...
#7 20.99 Unpacking libedit2:amd64 (3.1-20210910-1build1) ...
#7 21.00 Selecting previously unselected package libnghttp2-14:amd64.
#7 21.00 Preparing to unpack .../024-libnghttp2-14_1.43.0-1ubuntu0.4_amd64.deb ...
#7 21.01 Unpacking libnghttp2-14:amd64 (1.43.0-1ubuntu0.4) ...
#7 21.02 Selecting previously unselected package libnuma1:amd64.
#7 21.02 Preparing to unpack .../025-libnuma1_2.0.14-3ubuntu2_amd64.deb ...
#7 21.02 Unpacking libnuma1:amd64 (2.0.14-3ubuntu2) ...
#7 21.03 Selecting previously unselected package libpng16-16:amd64.
#7 21.03 Preparing to unpack .../026-libpng16-16_1.6.37-3ubuntu0.6_amd64.deb ...
#7 21.03 Unpacking libpng16-16:amd64 (1.6.37-3ubuntu0.6) ...
#7 21.04 Selecting previously unselected package libpsl5:amd64.
#7 21.04 Preparing to unpack .../027-libpsl5_0.21.0-1.2build2_amd64.deb ...
#7 21.04 Unpacking libpsl5:amd64 (0.21.0-1.2build2) ...
#7 21.06 Selecting previously unselected package libusb-1.0-0:amd64.
#7 21.06 Preparing to unpack .../028-libusb-1.0-0_2%3a1.0.25-1ubuntu2_amd64.deb ...
#7 21.06 Unpacking libusb-1.0-0:amd64 (2:1.0.25-1ubuntu2) ...
#7 21.07 Selecting previously unselected package libxau6:amd64.
#7 21.07 Preparing to unpack .../029-libxau6_1%3a1.0.9-1build5_amd64.deb ...
#7 21.07 Unpacking libxau6:amd64 (1:1.0.9-1build5) ...
#7 21.08 Selecting previously unselected package libxdmcp6:amd64.
#7 21.08 Preparing to unpack .../030-libxdmcp6_1%3a1.1.3-0ubuntu5_amd64.deb ...
#7 21.08 Unpacking libxdmcp6:amd64 (1:1.1.3-0ubuntu5) ...
#7 21.09 Selecting previously unselected package libxcb1:amd64.
#7 21.09 Preparing to unpack .../031-libxcb1_1.14-3ubuntu3_amd64.deb ...
#7 21.09 Unpacking libxcb1:amd64 (1.14-3ubuntu3) ...
#7 21.10 Selecting previously unselected package libx11-data.
#7 21.10 Preparing to unpack .../032-libx11-data_2%3a1.7.5-1ubuntu0.3_all.deb ...
#7 21.11 Unpacking libx11-data (2:1.7.5-1ubuntu0.3) ...
#7 21.14 Selecting previously unselected package libx11-6:amd64.
#7 21.14 Preparing to unpack .../033-libx11-6_2%3a1.7.5-1ubuntu0.3_amd64.deb ...
#7 21.14 Unpacking libx11-6:amd64 (2:1.7.5-1ubuntu0.3) ...
#7 21.16 Selecting previously unselected package libxext6:amd64.
#7 21.16 Preparing to unpack .../034-libxext6_2%3a1.3.4-1build1_amd64.deb ...
#7 21.16 Unpacking libxext6:amd64 (2:1.3.4-1build1) ...
#7 21.17 Selecting previously unselected package libbrotli1:amd64.
#7 21.17 Preparing to unpack .../035-libbrotli1_1.0.9-2build6_amd64.deb ...
#7 21.17 Unpacking libbrotli1:amd64 (1.0.9-2build6) ...
#7 21.18 Selecting previously unselected package librtmp1:amd64.
#7 21.18 Preparing to unpack .../036-librtmp1_2.4+20151223.gitfa8646d.1-2build4_amd64.deb ...
#7 21.18 Unpacking librtmp1:amd64 (2.4+20151223.gitfa8646d.1-2build4) ...
#7 21.19 Selecting previously unselected package libssh-4:amd64.
#7 21.20 Preparing to unpack .../037-libssh-4_0.9.6-2ubuntu0.22.04.8_amd64.deb ...
#7 21.20 Unpacking libssh-4:amd64 (0.9.6-2ubuntu0.22.04.8) ...
#7 21.21 Selecting previously unselected package libcurl4:amd64.
#7 21.21 Preparing to unpack .../038-libcurl4_7.81.0-1ubuntu1.27_amd64.deb ...
#7 21.21 Unpacking libcurl4:amd64 (7.81.0-1ubuntu1.27) ...
#7 21.23 Selecting previously unselected package curl.
#7 21.23 Preparing to unpack .../039-curl_7.81.0-1ubuntu1.27_amd64.deb ...
#7 21.23 Unpacking curl (7.81.0-1ubuntu1.27) ...
#7 21.24 Selecting previously unselected package libaom3:amd64.
#7 21.24 Preparing to unpack .../040-libaom3_3.3.0-1ubuntu0.1_amd64.deb ...
#7 21.24 Unpacking libaom3:amd64 (3.3.0-1ubuntu0.1) ...
#7 21.26 Selecting previously unselected package libva2:amd64.
#7 21.26 Preparing to unpack .../041-libva2_2.14.0-1_amd64.deb ...
#7 21.26 Unpacking libva2:amd64 (2.14.0-1) ...
#7 21.27 Selecting previously unselected package libmfx1:amd64.
#7 21.28 Preparing to unpack .../042-libmfx1_22.3.0-1_amd64.deb ...
#7 21.28 Unpacking libmfx1:amd64 (22.3.0-1) ...
#7 21.33 Selecting previously unselected package libva-drm2:amd64.
#7 21.33 Preparing to unpack .../043-libva-drm2_2.14.0-1_amd64.deb ...
#7 21.33 Unpacking libva-drm2:amd64 (2.14.0-1) ...
#7 21.34 Selecting previously unselected package libxfixes3:amd64.
#7 21.34 Preparing to unpack .../044-libxfixes3_1%3a6.0.0-1_amd64.deb ...
#7 21.35 Unpacking libxfixes3:amd64 (1:6.0.0-1) ...
#7 21.36 Selecting previously unselected package libva-x11-2:amd64.
#7 21.36 Preparing to unpack .../045-libva-x11-2_2.14.0-1_amd64.deb ...
#7 21.36 Unpacking libva-x11-2:amd64 (2.14.0-1) ...
#7 21.37 Selecting previously unselected package libvdpau1:amd64.
#7 21.37 Preparing to unpack .../046-libvdpau1_1.4-3build2_amd64.deb ...
#7 21.37 Unpacking libvdpau1:amd64 (1.4-3build2) ...
#7 21.38 Selecting previously unselected package ocl-icd-libopencl1:amd64.
#7 21.38 Preparing to unpack .../047-ocl-icd-libopencl1_2.2.14-3_amd64.deb ...
#7 21.38 Unpacking ocl-icd-libopencl1:amd64 (2.2.14-3) ...
#7 21.39 Selecting previously unselected package libavutil56:amd64.
#7 21.40 Preparing to unpack .../048-libavutil56_7%3a4.4.2-0ubuntu0.22.04.1_amd64.deb ...
#7 21.40 Unpacking libavutil56:amd64 (7:4.4.2-0ubuntu0.22.04.1) ...
#7 21.41 Selecting previously unselected package libfreetype6:amd64.
#7 21.41 Preparing to unpack .../049-libfreetype6_2.11.1+dfsg-1ubuntu0.3_amd64.deb ...
#7 21.41 Unpacking libfreetype6:amd64 (2.11.1+dfsg-1ubuntu0.3) ...
#7 21.42 Selecting previously unselected package fonts-dejavu-core.
#7 21.42 Preparing to unpack .../050-fonts-dejavu-core_2.37-2build1_all.deb ...
#7 21.42 Unpacking fonts-dejavu-core (2.37-2build1) ...
#7 21.48 Selecting previously unselected package fontconfig-config.
#7 21.48 Preparing to unpack .../051-fontconfig-config_2.13.1-4.2ubuntu5_all.deb ...
#7 21.48 Unpacking fontconfig-config (2.13.1-4.2ubuntu5) ...
#7 21.50 Selecting previously unselected package libfontconfig1:amd64.
#7 21.50 Preparing to unpack .../052-libfontconfig1_2.13.1-4.2ubuntu5_amd64.deb ...
#7 21.50 Unpacking libfontconfig1:amd64 (2.13.1-4.2ubuntu5) ...
#7 21.51 Selecting previously unselected package libpixman-1-0:amd64.
#7 21.51 Preparing to unpack .../053-libpixman-1-0_0.40.0-1ubuntu0.22.04.1_amd64.deb ...
#7 21.51 Unpacking libpixman-1-0:amd64 (0.40.0-1ubuntu0.22.04.1) ...
#7 21.53 Selecting previously unselected package libxcb-render0:amd64.
#7 21.53 Preparing to unpack .../054-libxcb-render0_1.14-3ubuntu3_amd64.deb ...
#7 21.53 Unpacking libxcb-render0:amd64 (1.14-3ubuntu3) ...
#7 21.54 Selecting previously unselected package libxcb-shm0:amd64.
#7 21.54 Preparing to unpack .../055-libxcb-shm0_1.14-3ubuntu3_amd64.deb ...
#7 21.54 Unpacking libxcb-shm0:amd64 (1.14-3ubuntu3) ...
#7 21.55 Selecting previously unselected package libxrender1:amd64.
#7 21.55 Preparing to unpack .../056-libxrender1_1%3a0.9.10-1build4_amd64.deb ...
#7 21.55 Unpacking libxrender1:amd64 (1:0.9.10-1build4) ...
#7 21.56 Selecting previously unselected package libcairo2:amd64.
#7 21.56 Preparing to unpack .../057-libcairo2_1.16.0-5ubuntu2.1_amd64.deb ...
#7 21.56 Unpacking libcairo2:amd64 (1.16.0-5ubuntu2.1) ...
#7 21.58 Selecting previously unselected package libcodec2-1.0:amd64.
#7 21.58 Preparing to unpack .../058-libcodec2-1.0_1.0.1-3_amd64.deb ...
#7 21.58 Unpacking libcodec2-1.0:amd64 (1.0.1-3) ...
#7 21.62 Selecting previously unselected package libdav1d5:amd64.
#7 21.62 Preparing to unpack .../059-libdav1d5_0.9.2-1_amd64.deb ...
#7 21.62 Unpacking libdav1d5:amd64 (0.9.2-1) ...
#7 21.63 Selecting previously unselected package libgsm1:amd64.
#7 21.63 Preparing to unpack .../060-libgsm1_1.0.19-1_amd64.deb ...
#7 21.63 Unpacking libgsm1:amd64 (1.0.19-1) ...
#7 21.64 Selecting previously unselected package libmp3lame0:amd64.
#7 21.65 Preparing to unpack .../061-libmp3lame0_3.100-3build2_amd64.deb ...
#7 21.65 Unpacking libmp3lame0:amd64 (3.100-3build2) ...
#7 21.66 Selecting previously unselected package libopenjp2-7:amd64.
#7 21.66 Preparing to unpack .../062-libopenjp2-7_2.4.0-6ubuntu0.5_amd64.deb ...
#7 21.66 Unpacking libopenjp2-7:amd64 (2.4.0-6ubuntu0.5) ...
#7 21.67 Selecting previously unselected package libopus0:amd64.
#7 21.68 Preparing to unpack .../063-libopus0_1.3.1-0.1build2_amd64.deb ...
#7 21.68 Unpacking libopus0:amd64 (1.3.1-0.1build2) ...
#7 21.69 Selecting previously unselected package libcairo-gobject2:amd64.
#7 21.69 Preparing to unpack .../064-libcairo-gobject2_1.16.0-5ubuntu2.1_amd64.deb ...
#7 21.69 Unpacking libcairo-gobject2:amd64 (1.16.0-5ubuntu2.1) ...
#7 21.70 Selecting previously unselected package libgdk-pixbuf2.0-common.
#7 21.70 Preparing to unpack .../065-libgdk-pixbuf2.0-common_2.42.8+dfsg-1ubuntu0.5_all.deb ...
#7 21.70 Unpacking libgdk-pixbuf2.0-common (2.42.8+dfsg-1ubuntu0.5) ...
#7 21.71 Selecting previously unselected package libjpeg-turbo8:amd64.
#7 21.71 Preparing to unpack .../066-libjpeg-turbo8_2.1.2-0ubuntu1_amd64.deb ...
#7 21.71 Unpacking libjpeg-turbo8:amd64 (2.1.2-0ubuntu1) ...
#7 21.73 Selecting previously unselected package libjpeg8:amd64.
#7 21.73 Preparing to unpack .../067-libjpeg8_8c-2ubuntu10_amd64.deb ...
#7 21.73 Unpacking libjpeg8:amd64 (8c-2ubuntu10) ...
#7 21.74 Selecting previously unselected package libdeflate0:amd64.
#7 21.74 Preparing to unpack .../068-libdeflate0_1.10-2_amd64.deb ...
#7 21.74 Unpacking libdeflate0:amd64 (1.10-2) ...
#7 21.75 Selecting previously unselected package libjbig0:amd64.
#7 21.75 Preparing to unpack .../069-libjbig0_2.1-3.1ubuntu0.22.04.1_amd64.deb ...
#7 21.75 Unpacking libjbig0:amd64 (2.1-3.1ubuntu0.22.04.1) ...
#7 21.76 Selecting previously unselected package libwebp7:amd64.
#7 21.77 Preparing to unpack .../070-libwebp7_1.2.2-2ubuntu0.22.04.2_amd64.deb ...
#7 21.77 Unpacking libwebp7:amd64 (1.2.2-2ubuntu0.22.04.2) ...
#7 21.78 Selecting previously unselected package libtiff5:amd64.
#7 21.78 Preparing to unpack .../071-libtiff5_4.3.0-6ubuntu0.13_amd64.deb ...
#7 21.78 Unpacking libtiff5:amd64 (4.3.0-6ubuntu0.13) ...
#7 21.79 Selecting previously unselected package libgdk-pixbuf-2.0-0:amd64.
#7 21.79 Preparing to unpack .../072-libgdk-pixbuf-2.0-0_2.42.8+dfsg-1ubuntu0.5_amd64.deb ...
#7 21.79 Unpacking libgdk-pixbuf-2.0-0:amd64 (2.42.8+dfsg-1ubuntu0.5) ...
#7 21.81 Selecting previously unselected package fontconfig.
#7 21.81 Preparing to unpack .../073-fontconfig_2.13.1-4.2ubuntu5_amd64.deb ...
#7 21.81 Unpacking fontconfig (2.13.1-4.2ubuntu5) ...
#7 21.84 Selecting previously unselected package libgraphite2-3:amd64.
#7 21.84 Preparing to unpack .../074-libgraphite2-3_1.3.14-1ubuntu0.1_amd64.deb ...
#7 21.84 Unpacking libgraphite2-3:amd64 (1.3.14-1ubuntu0.1) ...
#7 21.85 Selecting previously unselected package libharfbuzz0b:amd64.
#7 21.85 Preparing to unpack .../075-libharfbuzz0b_2.7.4-1ubuntu3.2_amd64.deb ...
#7 21.85 Unpacking libharfbuzz0b:amd64 (2.7.4-1ubuntu3.2) ...
#7 21.87 Selecting previously unselected package libthai-data.
#7 21.87 Preparing to unpack .../076-libthai-data_0.1.29-1build1_all.deb ...
#7 21.87 Unpacking libthai-data (0.1.29-1build1) ...
#7 21.88 Selecting previously unselected package libdatrie1:amd64.
#7 21.88 Preparing to unpack .../077-libdatrie1_0.2.13-2_amd64.deb ...
#7 21.88 Unpacking libdatrie1:amd64 (0.2.13-2) ...
#7 21.90 Selecting previously unselected package libthai0:amd64.
#7 21.90 Preparing to unpack .../078-libthai0_0.1.29-1build1_amd64.deb ...
#7 21.90 Unpacking libthai0:amd64 (0.1.29-1build1) ...
#7 21.91 Selecting previously unselected package libpango-1.0-0:amd64.
#7 21.91 Preparing to unpack .../079-libpango-1.0-0_1.50.6+ds-2ubuntu1_amd64.deb ...
#7 21.91 Unpacking libpango-1.0-0:amd64 (1.50.6+ds-2ubuntu1) ...
#7 21.92 Selecting previously unselected package libpangoft2-1.0-0:amd64.
#7 21.92 Preparing to unpack .../080-libpangoft2-1.0-0_1.50.6+ds-2ubuntu1_amd64.deb ...
#7 21.92 Unpacking libpangoft2-1.0-0:amd64 (1.50.6+ds-2ubuntu1) ...
#7 21.94 Selecting previously unselected package libpangocairo-1.0-0:amd64.
#7 21.94 Preparing to unpack .../081-libpangocairo-1.0-0_1.50.6+ds-2ubuntu1_amd64.deb ...
#7 21.94 Unpacking libpangocairo-1.0-0:amd64 (1.50.6+ds-2ubuntu1) ...
#7 21.95 Selecting previously unselected package librsvg2-2:amd64.
#7 21.95 Preparing to unpack .../082-librsvg2-2_2.52.5+dfsg-3ubuntu0.2_amd64.deb ...
#7 21.97 Unpacking librsvg2-2:amd64 (2.52.5+dfsg-3ubuntu0.2) ...
#7 22.00 Selecting previously unselected package libshine3:amd64.
#7 22.01 Preparing to unpack .../083-libshine3_3.1.1-2_amd64.deb ...
#7 22.01 Unpacking libshine3:amd64 (3.1.1-2) ...
#7 22.02 Selecting previously unselected package libsnappy1v5:amd64.
#7 22.02 Preparing to unpack .../084-libsnappy1v5_1.1.8-1build3_amd64.deb ...
#7 22.02 Unpacking libsnappy1v5:amd64 (1.1.8-1build3) ...
#7 22.03 Selecting previously unselected package libspeex1:amd64.
#7 22.03 Preparing to unpack .../085-libspeex1_1.2~rc1.2-1.1ubuntu3_amd64.deb ...
#7 22.03 Unpacking libspeex1:amd64 (1.2~rc1.2-1.1ubuntu3) ...
#7 22.04 Selecting previously unselected package libgomp1:amd64.
#7 22.05 Preparing to unpack .../086-libgomp1_12.3.0-1ubuntu1~22.04.3_amd64.deb ...
#7 22.05 Unpacking libgomp1:amd64 (12.3.0-1ubuntu1~22.04.3) ...
#7 22.06 Selecting previously unselected package libsoxr0:amd64.
#7 22.06 Preparing to unpack .../087-libsoxr0_0.1.3-4build2_amd64.deb ...
#7 22.06 Unpacking libsoxr0:amd64 (0.1.3-4build2) ...
#7 22.07 Selecting previously unselected package libswresample3:amd64.
#7 22.07 Preparing to unpack .../088-libswresample3_7%3a4.4.2-0ubuntu0.22.04.1_amd64.deb ...
#7 22.08 Unpacking libswresample3:amd64 (7:4.4.2-0ubuntu0.22.04.1) ...
#7 22.09 Selecting previously unselected package libogg0:amd64.
#7 22.09 Preparing to unpack .../089-libogg0_1.3.5-0ubuntu3_amd64.deb ...
#7 22.09 Unpacking libogg0:amd64 (1.3.5-0ubuntu3) ...
#7 22.10 Selecting previously unselected package libtheora0:amd64.
#7 22.11 Preparing to unpack .../090-libtheora0_1.1.1+dfsg.1-15ubuntu4_amd64.deb ...
#7 22.11 Unpacking libtheora0:amd64 (1.1.1+dfsg.1-15ubuntu4) ...
#7 22.12 Selecting previously unselected package libtwolame0:amd64.
#7 22.12 Preparing to unpack .../091-libtwolame0_0.4.0-2build2_amd64.deb ...
#7 22.12 Unpacking libtwolame0:amd64 (0.4.0-2build2) ...
#7 22.13 Selecting previously unselected package libvorbis0a:amd64.
#7 22.13 Preparing to unpack .../092-libvorbis0a_1.3.7-1build2_amd64.deb ...
#7 22.13 Unpacking libvorbis0a:amd64 (1.3.7-1build2) ...
#7 22.15 Selecting previously unselected package libvorbisenc2:amd64.
#7 22.15 Preparing to unpack .../093-libvorbisenc2_1.3.7-1build2_amd64.deb ...
#7 22.15 Unpacking libvorbisenc2:amd64 (1.3.7-1build2) ...
#7 22.16 Selecting previously unselected package libvpx7:amd64.
#7 22.16 Preparing to unpack .../094-libvpx7_1.11.0-2ubuntu2.5_amd64.deb ...
#7 22.16 Unpacking libvpx7:amd64 (1.11.0-2ubuntu2.5) ...
#7 22.18 Selecting previously unselected package libwebpmux3:amd64.
#7 22.18 Preparing to unpack .../095-libwebpmux3_1.2.2-2ubuntu0.22.04.2_amd64.deb ...
#7 22.18 Unpacking libwebpmux3:amd64 (1.2.2-2ubuntu0.22.04.2) ...
#7 22.19 Selecting previously unselected package libx264-163:amd64.
#7 22.19 Preparing to unpack .../096-libx264-163_2%3a0.163.3060+git5db6aa6-2build1_amd64.deb ...
#7 22.19 Unpacking libx264-163:amd64 (2:0.163.3060+git5db6aa6-2build1) ...
#7 22.21 Selecting previously unselected package libx265-199:amd64.
#7 22.21 Preparing to unpack .../097-libx265-199_3.5-2_amd64.deb ...
#7 22.21 Unpacking libx265-199:amd64 (3.5-2) ...
#7 22.25 Selecting previously unselected package libxvidcore4:amd64.
#7 22.26 Preparing to unpack .../098-libxvidcore4_2%3a1.3.7-1_amd64.deb ...
#7 22.26 Unpacking libxvidcore4:amd64 (2:1.3.7-1) ...
#7 22.28 Selecting previously unselected package libzvbi-common.
#7 22.28 Preparing to unpack .../099-libzvbi-common_0.2.35-19_all.deb ...
#7 22.28 Unpacking libzvbi-common (0.2.35-19) ...
#7 22.29 Selecting previously unselected package libzvbi0:amd64.
#7 22.29 Preparing to unpack .../100-libzvbi0_0.2.35-19_amd64.deb ...
#7 22.29 Unpacking libzvbi0:amd64 (0.2.35-19) ...
#7 22.31 Selecting previously unselected package libavcodec58:amd64.
#7 22.31 Preparing to unpack .../101-libavcodec58_7%3a4.4.2-0ubuntu0.22.04.1_amd64.deb ...
#7 22.31 Unpacking libavcodec58:amd64 (7:4.4.2-0ubuntu0.22.04.1) ...
#7 22.35 Selecting previously unselected package libasound2-data.
#7 22.35 Preparing to unpack .../102-libasound2-data_1.2.6.1-1ubuntu1.2_all.deb ...
#7 22.35 Unpacking libasound2-data (1.2.6.1-1ubuntu1.2) ...
#7 22.37 Selecting previously unselected package libasound2:amd64.
#7 22.38 Preparing to unpack .../103-libasound2_1.2.6.1-1ubuntu1.2_amd64.deb ...
#7 22.38 Unpacking libasound2:amd64 (1.2.6.1-1ubuntu1.2) ...
#7 22.39 Selecting previously unselected package libraw1394-11:amd64.
#7 22.39 Preparing to unpack .../104-libraw1394-11_2.1.2-2build2_amd64.deb ...
#7 22.39 Unpacking libraw1394-11:amd64 (2.1.2-2build2) ...
#7 22.40 Selecting previously unselected package libavc1394-0:amd64.
#7 22.41 Preparing to unpack .../105-libavc1394-0_0.5.4-5build2_amd64.deb ...
#7 22.41 Unpacking libavc1394-0:amd64 (0.5.4-5build2) ...
#7 22.42 Selecting previously unselected package libass9:amd64.
#7 22.42 Preparing to unpack .../106-libass9_1%3a0.15.2-1_amd64.deb ...
#7 22.42 Unpacking libass9:amd64 (1:0.15.2-1) ...
#7 22.43 Selecting previously unselected package libudfread0:amd64.
#7 22.43 Preparing to unpack .../107-libudfread0_1.1.2-1_amd64.deb ...
#7 22.43 Unpacking libudfread0:amd64 (1.1.2-1) ...
#7 22.45 Selecting previously unselected package libbluray2:amd64.
#7 22.45 Preparing to unpack .../108-libbluray2_1%3a1.3.1-1_amd64.deb ...
#7 22.45 Unpacking libbluray2:amd64 (1:1.3.1-1) ...
#7 22.46 Selecting previously unselected package libchromaprint1:amd64.
#7 22.46 Preparing to unpack .../109-libchromaprint1_1.5.1-2_amd64.deb ...
#7 22.46 Unpacking libchromaprint1:amd64 (1.5.1-2) ...
#7 22.47 Selecting previously unselected package libgme0:amd64.
#7 22.47 Preparing to unpack .../110-libgme0_0.6.3-2_amd64.deb ...
#7 22.47 Unpacking libgme0:amd64 (0.6.3-2) ...
#7 22.49 Selecting previously unselected package libmpg123-0:amd64.
#7 22.49 Preparing to unpack .../111-libmpg123-0_1.29.3-1ubuntu0.1_amd64.deb ...
#7 22.49 Unpacking libmpg123-0:amd64 (1.29.3-1ubuntu0.1) ...
#7 22.51 Selecting previously unselected package libvorbisfile3:amd64.
#7 22.51 Preparing to unpack .../112-libvorbisfile3_1.3.7-1build2_amd64.deb ...
#7 22.51 Unpacking libvorbisfile3:amd64 (1.3.7-1build2) ...
#7 22.52 Selecting previously unselected package libopenmpt0:amd64.
#7 22.52 Preparing to unpack .../113-libopenmpt0_0.6.1-1_amd64.deb ...
#7 22.52 Unpacking libopenmpt0:amd64 (0.6.1-1) ...
#7 22.54 Selecting previously unselected package librabbitmq4:amd64.
#7 22.54 Preparing to unpack .../114-librabbitmq4_0.10.0-1ubuntu2.2_amd64.deb ...
#7 22.54 Unpacking librabbitmq4:amd64 (0.10.0-1ubuntu2.2) ...
#7 22.55 Selecting previously unselected package libsrt1.4-gnutls:amd64.
#7 22.55 Preparing to unpack .../115-libsrt1.4-gnutls_1.4.4-4_amd64.deb ...
#7 22.56 Unpacking libsrt1.4-gnutls:amd64 (1.4.4-4) ...
#7 22.57 Selecting previously unselected package libssh-gcrypt-4:amd64.
#7 22.57 Preparing to unpack .../116-libssh-gcrypt-4_0.9.6-2ubuntu0.22.04.8_amd64.deb ...
#7 22.57 Unpacking libssh-gcrypt-4:amd64 (0.9.6-2ubuntu0.22.04.8) ...
#7 22.58 Selecting previously unselected package libnorm1:amd64.
#7 22.59 Preparing to unpack .../117-libnorm1_1.5.9+dfsg-2_amd64.deb ...
#7 22.59 Unpacking libnorm1:amd64 (1.5.9+dfsg-2) ...
#7 22.61 Selecting previously unselected package libpgm-5.3-0:amd64.
#7 22.61 Preparing to unpack .../118-libpgm-5.3-0_5.3.128~dfsg-2_amd64.deb ...
#7 22.61 Unpacking libpgm-5.3-0:amd64 (5.3.128~dfsg-2) ...
#7 22.63 Selecting previously unselected package libsodium23:amd64.
#7 22.63 Preparing to unpack .../119-libsodium23_1.0.18-1ubuntu0.22.04.1_amd64.deb ...
#7 22.63 Unpacking libsodium23:amd64 (1.0.18-1ubuntu0.22.04.1) ...
#7 22.64 Selecting previously unselected package libzmq5:amd64.
#7 22.64 Preparing to unpack .../120-libzmq5_4.3.4-2_amd64.deb ...
#7 22.64 Unpacking libzmq5:amd64 (4.3.4-2) ...
#7 22.66 Selecting previously unselected package libavformat58:amd64.
#7 22.66 Preparing to unpack .../121-libavformat58_7%3a4.4.2-0ubuntu0.22.04.1_amd64.deb ...
#7 22.66 Unpacking libavformat58:amd64 (7:4.4.2-0ubuntu0.22.04.1) ...
#7 22.68 Selecting previously unselected package libbs2b0:amd64.
#7 22.68 Preparing to unpack .../122-libbs2b0_3.1.0+dfsg-2.2build1_amd64.deb ...
#7 22.68 Unpacking libbs2b0:amd64 (3.1.0+dfsg-2.2build1) ...
#7 22.69 Selecting previously unselected package libflite1:amd64.
#7 22.69 Preparing to unpack .../123-libflite1_2.2-3_amd64.deb ...
#7 22.69 Unpacking libflite1:amd64 (2.2-3) ...
#7 22.76 Selecting previously unselected package libserd-0-0:amd64.
#7 22.76 Preparing to unpack .../124-libserd-0-0_0.30.10-2_amd64.deb ...
#7 22.76 Unpacking libserd-0-0:amd64 (0.30.10-2) ...
#7 22.78 Selecting previously unselected package libsord-0-0:amd64.
#7 22.78 Preparing to unpack .../125-libsord-0-0_0.16.8-2_amd64.deb ...
#7 22.78 Unpacking libsord-0-0:amd64 (0.16.8-2) ...
#7 22.79 Selecting previously unselected package libsratom-0-0:amd64.
#7 22.79 Preparing to unpack .../126-libsratom-0-0_0.6.8-1_amd64.deb ...
#7 22.79 Unpacking libsratom-0-0:amd64 (0.6.8-1) ...
#7 22.80 Selecting previously unselected package liblilv-0-0:amd64.
#7 22.80 Preparing to unpack .../127-liblilv-0-0_0.24.12-2_amd64.deb ...
#7 22.80 Unpacking liblilv-0-0:amd64 (0.24.12-2) ...
#7 22.82 Selecting previously unselected package libmysofa1:amd64.
#7 22.82 Preparing to unpack .../128-libmysofa1_1.2.1~dfsg0-1_amd64.deb ...
#7 22.82 Unpacking libmysofa1:amd64 (1.2.1~dfsg0-1) ...
#7 22.83 Selecting previously unselected package libblas3:amd64.
#7 22.83 Preparing to unpack .../129-libblas3_3.10.0-2ubuntu1_amd64.deb ...
#7 22.84 Unpacking libblas3:amd64 (3.10.0-2ubuntu1) ...
#7 22.85 Selecting previously unselected package libquadmath0:amd64.
#7 22.85 Preparing to unpack .../130-libquadmath0_12.3.0-1ubuntu1~22.04.3_amd64.deb ...
#7 22.85 Unpacking libquadmath0:amd64 (12.3.0-1ubuntu1~22.04.3) ...
#7 22.86 Selecting previously unselected package libgfortran5:amd64.
#7 22.86 Preparing to unpack .../131-libgfortran5_12.3.0-1ubuntu1~22.04.3_amd64.deb ...
#7 22.87 Unpacking libgfortran5:amd64 (12.3.0-1ubuntu1~22.04.3) ...
#7 22.88 Selecting previously unselected package liblapack3:amd64.
#7 22.88 Preparing to unpack .../132-liblapack3_3.10.0-2ubuntu1_amd64.deb ...
#7 22.89 Unpacking liblapack3:amd64 (3.10.0-2ubuntu1) ...
#7 22.91 Selecting previously unselected package libasyncns0:amd64.
#7 22.92 Preparing to unpack .../133-libasyncns0_0.8-6build2_amd64.deb ...
#7 22.92 Unpacking libasyncns0:amd64 (0.8-6build2) ...
#7 22.93 Selecting previously unselected package libflac8:amd64.
#7 22.93 Preparing to unpack .../134-libflac8_1.3.3-2ubuntu0.2_amd64.deb ...
#7 22.93 Unpacking libflac8:amd64 (1.3.3-2ubuntu0.2) ...
#7 22.94 Selecting previously unselected package libsndfile1:amd64.
#7 22.94 Preparing to unpack .../135-libsndfile1_1.0.31-2ubuntu0.2_amd64.deb ...
#7 22.94 Unpacking libsndfile1:amd64 (1.0.31-2ubuntu0.2) ...
#7 22.96 Selecting previously unselected package libx11-xcb1:amd64.
#7 22.96 Preparing to unpack .../136-libx11-xcb1_2%3a1.7.5-1ubuntu0.3_amd64.deb ...
#7 22.96 Unpacking libx11-xcb1:amd64 (2:1.7.5-1ubuntu0.3) ...
#7 22.97 Selecting previously unselected package libpulse0:amd64.
#7 22.97 Preparing to unpack .../137-libpulse0_1%3a15.99.1+dfsg1-1ubuntu2.2_amd64.deb ...
#7 22.98 Unpacking libpulse0:amd64 (1:15.99.1+dfsg1-1ubuntu2.2) ...
#7 22.99 Selecting previously unselected package libsphinxbase3:amd64.
#7 22.99 Preparing to unpack .../138-libsphinxbase3_0.8+5prealpha+1-13build1_amd64.deb ...
#7 22.99 Unpacking libsphinxbase3:amd64 (0.8+5prealpha+1-13build1) ...
#7 23.00 Selecting previously unselected package libpocketsphinx3:amd64.
#7 23.01 Preparing to unpack .../139-libpocketsphinx3_0.8.0+real5prealpha+1-14ubuntu1_amd64.deb ...
#7 23.01 Unpacking libpocketsphinx3:amd64 (0.8.0+real5prealpha+1-14ubuntu1) ...
#7 23.02 Selecting previously unselected package libpostproc55:amd64.
#7 23.02 Preparing to unpack .../140-libpostproc55_7%3a4.4.2-0ubuntu0.22.04.1_amd64.deb ...
#7 23.02 Unpacking libpostproc55:amd64 (7:4.4.2-0ubuntu0.22.04.1) ...
#7 23.03 Selecting previously unselected package libsamplerate0:amd64.
#7 23.03 Preparing to unpack .../141-libsamplerate0_0.2.2-1build1_amd64.deb ...
#7 23.04 Unpacking libsamplerate0:amd64 (0.2.2-1build1) ...
#7 23.05 Selecting previously unselected package librubberband2:amd64.
#7 23.05 Preparing to unpack .../142-librubberband2_2.0.0-2_amd64.deb ...
#7 23.05 Unpacking librubberband2:amd64 (2.0.0-2) ...
#7 23.06 Selecting previously unselected package libswscale5:amd64.
#7 23.07 Preparing to unpack .../143-libswscale5_7%3a4.4.2-0ubuntu0.22.04.1_amd64.deb ...
#7 23.07 Unpacking libswscale5:amd64 (7:4.4.2-0ubuntu0.22.04.1) ...
#7 23.08 Selecting previously unselected package libvidstab1.1:amd64.
#7 23.08 Preparing to unpack .../144-libvidstab1.1_1.1.0-2_amd64.deb ...
#7 23.08 Unpacking libvidstab1.1:amd64 (1.1.0-2) ...
#7 23.09 Selecting previously unselected package libzimg2:amd64.
#7 23.09 Preparing to unpack .../145-libzimg2_3.0.3+ds1-1_amd64.deb ...
#7 23.10 Unpacking libzimg2:amd64 (3.0.3+ds1-1) ...
#7 23.11 Selecting previously unselected package libavfilter7:amd64.
#7 23.11 Preparing to unpack .../146-libavfilter7_7%3a4.4.2-0ubuntu0.22.04.1_amd64.deb ...
#7 23.11 Unpacking libavfilter7:amd64 (7:4.4.2-0ubuntu0.22.04.1) ...
#7 23.13 Selecting previously unselected package libcaca0:amd64.
#7 23.13 Preparing to unpack .../147-libcaca0_0.99.beta19-2.2ubuntu4.2_amd64.deb ...
#7 23.13 Unpacking libcaca0:amd64 (0.99.beta19-2.2ubuntu4.2) ...
#7 23.15 Selecting previously unselected package libcdio19:amd64.
#7 23.15 Preparing to unpack .../148-libcdio19_2.1.0-3ubuntu0.2_amd64.deb ...
#7 23.15 Unpacking libcdio19:amd64 (2.1.0-3ubuntu0.2) ...
#7 23.16 Selecting previously unselected package libcdio-cdda2:amd64.
#7 23.16 Preparing to unpack .../149-libcdio-cdda2_10.2+2.0.0-1build3_amd64.deb ...
#7 23.16 Unpacking libcdio-cdda2:amd64 (10.2+2.0.0-1build3) ...
#7 23.18 Selecting previously unselected package libcdio-paranoia2:amd64.
#7 23.18 Preparing to unpack .../150-libcdio-paranoia2_10.2+2.0.0-1build3_amd64.deb ...
#7 23.18 Unpacking libcdio-paranoia2:amd64 (10.2+2.0.0-1build3) ...
#7 23.19 Selecting previously unselected package libdc1394-25:amd64.
#7 23.19 Preparing to unpack .../151-libdc1394-25_2.2.6-4_amd64.deb ...
#7 23.19 Unpacking libdc1394-25:amd64 (2.2.6-4) ...
#7 23.21 Selecting previously unselected package libglvnd0:amd64.
#7 23.21 Preparing to unpack .../152-libglvnd0_1.4.0-1_amd64.deb ...
#7 23.21 Unpacking libglvnd0:amd64 (1.4.0-1) ...
#7 23.22 Selecting previously unselected package libglapi-mesa:amd64.
#7 23.22 Preparing to unpack .../153-libglapi-mesa_23.2.1-1ubuntu3.1~22.04.4_amd64.deb ...
#7 23.22 Unpacking libglapi-mesa:amd64 (23.2.1-1ubuntu3.1~22.04.4) ...
#7 23.24 Selecting previously unselected package libxcb-dri2-0:amd64.
#7 23.24 Preparing to unpack .../154-libxcb-dri2-0_1.14-3ubuntu3_amd64.deb ...
#7 23.24 Unpacking libxcb-dri2-0:amd64 (1.14-3ubuntu3) ...
#7 23.25 Selecting previously unselected package libxcb-dri3-0:amd64.
#7 23.25 Preparing to unpack .../155-libxcb-dri3-0_1.14-3ubuntu3_amd64.deb ...
#7 23.25 Unpacking libxcb-dri3-0:amd64 (1.14-3ubuntu3) ...
#7 23.26 Selecting previously unselected package libxcb-glx0:amd64.
#7 23.26 Preparing to unpack .../156-libxcb-glx0_1.14-3ubuntu3_amd64.deb ...
#7 23.27 Unpacking libxcb-glx0:amd64 (1.14-3ubuntu3) ...
#7 23.28 Selecting previously unselected package libxcb-present0:amd64.
#7 23.28 Preparing to unpack .../157-libxcb-present0_1.14-3ubuntu3_amd64.deb ...
#7 23.28 Unpacking libxcb-present0:amd64 (1.14-3ubuntu3) ...
#7 23.29 Selecting previously unselected package libxcb-randr0:amd64.
#7 23.29 Preparing to unpack .../158-libxcb-randr0_1.14-3ubuntu3_amd64.deb ...
#7 23.29 Unpacking libxcb-randr0:amd64 (1.14-3ubuntu3) ...
#7 23.30 Selecting previously unselected package libxcb-sync1:amd64.
#7 23.30 Preparing to unpack .../159-libxcb-sync1_1.14-3ubuntu3_amd64.deb ...
#7 23.31 Unpacking libxcb-sync1:amd64 (1.14-3ubuntu3) ...
#7 23.32 Selecting previously unselected package libxcb-xfixes0:amd64.
#7 23.32 Preparing to unpack .../160-libxcb-xfixes0_1.14-3ubuntu3_amd64.deb ...
#7 23.32 Unpacking libxcb-xfixes0:amd64 (1.14-3ubuntu3) ...
#7 23.33 Selecting previously unselected package libxshmfence1:amd64.
#7 23.33 Preparing to unpack .../161-libxshmfence1_1.3-1build4_amd64.deb ...
#7 23.33 Unpacking libxshmfence1:amd64 (1.3-1build4) ...
#7 23.34 Selecting previously unselected package libxxf86vm1:amd64.
#7 23.34 Preparing to unpack .../162-libxxf86vm1_1%3a1.1.4-1build3_amd64.deb ...
#7 23.34 Unpacking libxxf86vm1:amd64 (1:1.1.4-1build3) ...
#7 23.36 Selecting previously unselected package libdrm-amdgpu1:amd64.
#7 23.36 Preparing to unpack .../163-libdrm-amdgpu1_2.4.113-2~ubuntu0.22.04.1_amd64.deb ...
#7 23.36 Unpacking libdrm-amdgpu1:amd64 (2.4.113-2~ubuntu0.22.04.1) ...
#7 23.37 Selecting previously unselected package libpciaccess0:amd64.
#7 23.37 Preparing to unpack .../164-libpciaccess0_0.16-3_amd64.deb ...
#7 23.37 Unpacking libpciaccess0:amd64 (0.16-3) ...
#7 23.38 Selecting previously unselected package libdrm-intel1:amd64.
#7 23.38 Preparing to unpack .../165-libdrm-intel1_2.4.113-2~ubuntu0.22.04.1_amd64.deb ...
#7 23.39 Unpacking libdrm-intel1:amd64 (2.4.113-2~ubuntu0.22.04.1) ...
#7 23.40 Selecting previously unselected package libdrm-nouveau2:amd64.
#7 23.40 Preparing to unpack .../166-libdrm-nouveau2_2.4.113-2~ubuntu0.22.04.1_amd64.deb ...
#7 23.41 Unpacking libdrm-nouveau2:amd64 (2.4.113-2~ubuntu0.22.04.1) ...
#7 23.42 Selecting previously unselected package libdrm-radeon1:amd64.
#7 23.42 Preparing to unpack .../167-libdrm-radeon1_2.4.113-2~ubuntu0.22.04.1_amd64.deb ...
#7 23.42 Unpacking libdrm-radeon1:amd64 (2.4.113-2~ubuntu0.22.04.1) ...
#7 23.43 Selecting previously unselected package libllvm15:amd64.
#7 23.44 Preparing to unpack .../168-libllvm15_1%3a15.0.7-0ubuntu0.22.04.3_amd64.deb ...
#7 23.44 Unpacking libllvm15:amd64 (1:15.0.7-0ubuntu0.22.04.3) ...
#7 23.65 Selecting previously unselected package libsensors-config.
#7 23.66 Preparing to unpack .../169-libsensors-config_1%3a3.6.0-7ubuntu1_all.deb ...
#7 23.66 Unpacking libsensors-config (1:3.6.0-7ubuntu1) ...
#7 23.67 Selecting previously unselected package libsensors5:amd64.
#7 23.67 Preparing to unpack .../170-libsensors5_1%3a3.6.0-7ubuntu1_amd64.deb ...
#7 23.68 Unpacking libsensors5:amd64 (1:3.6.0-7ubuntu1) ...
#7 23.70 Selecting previously unselected package libgl1-mesa-dri:amd64.
#7 23.70 Preparing to unpack .../171-libgl1-mesa-dri_23.2.1-1ubuntu3.1~22.04.4_amd64.deb ...
#7 23.70 Unpacking libgl1-mesa-dri:amd64 (23.2.1-1ubuntu3.1~22.04.4) ...
#7 23.77 Selecting previously unselected package libglx-mesa0:amd64.
#7 23.77 Preparing to unpack .../172-libglx-mesa0_23.2.1-1ubuntu3.1~22.04.4_amd64.deb ...
#7 23.77 Unpacking libglx-mesa0:amd64 (23.2.1-1ubuntu3.1~22.04.4) ...
#7 23.79 Selecting previously unselected package libglx0:amd64.
#7 23.79 Preparing to unpack .../173-libglx0_1.4.0-1_amd64.deb ...
#7 23.79 Unpacking libglx0:amd64 (1.4.0-1) ...
#7 23.80 Selecting previously unselected package libgl1:amd64.
#7 23.80 Preparing to unpack .../174-libgl1_1.4.0-1_amd64.deb ...
#7 23.80 Unpacking libgl1:amd64 (1.4.0-1) ...
#7 23.82 Selecting previously unselected package libiec61883-0:amd64.
#7 23.82 Preparing to unpack .../175-libiec61883-0_1.2.0-4build3_amd64.deb ...
#7 23.82 Unpacking libiec61883-0:amd64 (1.2.0-4build3) ...
#7 23.83 Selecting previously unselected package libjack-jackd2-0:amd64.
#7 23.83 Preparing to unpack .../176-libjack-jackd2-0_1.9.20~dfsg-1_amd64.deb ...
#7 23.83 Unpacking libjack-jackd2-0:amd64 (1.9.20~dfsg-1) ...
#7 23.84 Selecting previously unselected package libopenal-data.
#7 23.84 Preparing to unpack .../177-libopenal-data_1%3a1.19.1-2build3_all.deb ...
#7 23.85 Unpacking libopenal-data (1:1.19.1-2build3) ...
#7 23.86 Selecting previously unselected package libsndio7.0:amd64.
#7 23.86 Preparing to unpack .../178-libsndio7.0_1.8.1-1.1_amd64.deb ...
#7 23.86 Unpacking libsndio7.0:amd64 (1.8.1-1.1) ...
#7 23.87 Selecting previously unselected package libopenal1:amd64.
#7 23.88 Preparing to unpack .../179-libopenal1_1%3a1.19.1-2build3_amd64.deb ...
#7 23.88 Unpacking libopenal1:amd64 (1:1.19.1-2build3) ...
#7 23.89 Selecting previously unselected package libwayland-client0:amd64.
#7 23.89 Preparing to unpack .../180-libwayland-client0_1.20.0-1ubuntu0.1_amd64.deb ...
#7 23.89 Unpacking libwayland-client0:amd64 (1.20.0-1ubuntu0.1) ...
#7 23.90 Selecting previously unselected package libdecor-0-0:amd64.
#7 23.90 Preparing to unpack .../181-libdecor-0-0_0.1.0-3build1_amd64.deb ...
#7 23.91 Unpacking libdecor-0-0:amd64 (0.1.0-3build1) ...
#7 23.92 Selecting previously unselected package libwayland-server0:amd64.
#7 23.92 Preparing to unpack .../182-libwayland-server0_1.20.0-1ubuntu0.1_amd64.deb ...
#7 23.92 Unpacking libwayland-server0:amd64 (1.20.0-1ubuntu0.1) ...
#7 23.93 Selecting previously unselected package libgbm1:amd64.
#7 23.93 Preparing to unpack .../183-libgbm1_23.2.1-1ubuntu3.1~22.04.4_amd64.deb ...
#7 23.93 Unpacking libgbm1:amd64 (23.2.1-1ubuntu3.1~22.04.4) ...
#7 23.94 Selecting previously unselected package libwayland-cursor0:amd64.
#7 23.95 Preparing to unpack .../184-libwayland-cursor0_1.20.0-1ubuntu0.1_amd64.deb ...
#7 23.95 Unpacking libwayland-cursor0:amd64 (1.20.0-1ubuntu0.1) ...
#7 23.96 Selecting previously unselected package libwayland-egl1:amd64.
#7 23.96 Preparing to unpack .../185-libwayland-egl1_1.20.0-1ubuntu0.1_amd64.deb ...
#7 23.96 Unpacking libwayland-egl1:amd64 (1.20.0-1ubuntu0.1) ...
#7 23.97 Selecting previously unselected package libxcursor1:amd64.
#7 23.97 Preparing to unpack .../186-libxcursor1_1%3a1.2.0-2build4_amd64.deb ...
#7 23.97 Unpacking libxcursor1:amd64 (1:1.2.0-2build4) ...
#7 23.98 Selecting previously unselected package libxi6:amd64.
#7 23.99 Preparing to unpack .../187-libxi6_2%3a1.8-1build1_amd64.deb ...
#7 23.99 Unpacking libxi6:amd64 (2:1.8-1build1) ...
#7 24.00 Selecting previously unselected package libxinerama1:amd64.
#7 24.00 Preparing to unpack .../188-libxinerama1_2%3a1.1.4-3_amd64.deb ...
#7 24.00 Unpacking libxinerama1:amd64 (2:1.1.4-3) ...
#7 24.01 Selecting previously unselected package libxkbcommon0:amd64.
#7 24.01 Preparing to unpack .../189-libxkbcommon0_1.4.0-1_amd64.deb ...
#7 24.01 Unpacking libxkbcommon0:amd64 (1.4.0-1) ...
#7 24.02 Selecting previously unselected package libxrandr2:amd64.
#7 24.03 Preparing to unpack .../190-libxrandr2_2%3a1.5.2-1build1_amd64.deb ...
#7 24.03 Unpacking libxrandr2:amd64 (2:1.5.2-1build1) ...
#7 24.04 Selecting previously unselected package x11-common.
#7 24.04 Preparing to unpack .../191-x11-common_1%3a7.7+23ubuntu2_all.deb ...
#7 24.04 Unpacking x11-common (1:7.7+23ubuntu2) ...
#7 24.06 Selecting previously unselected package libxss1:amd64.
#7 24.06 Preparing to unpack .../192-libxss1_1%3a1.2.3-1build2_amd64.deb ...
#7 24.06 Unpacking libxss1:amd64 (1:1.2.3-1build2) ...
#7 24.07 Selecting previously unselected package libsdl2-2.0-0:amd64.
#7 24.07 Preparing to unpack .../193-libsdl2-2.0-0_2.0.20+dfsg-2ubuntu1.22.04.1_amd64.deb ...
#7 24.07 Unpacking libsdl2-2.0-0:amd64 (2.0.20+dfsg-2ubuntu1.22.04.1) ...
#7 24.09 Selecting previously unselected package libxcb-shape0:amd64.
#7 24.09 Preparing to unpack .../194-libxcb-shape0_1.14-3ubuntu3_amd64.deb ...
#7 24.09 Unpacking libxcb-shape0:amd64 (1.14-3ubuntu3) ...
#7 24.11 Selecting previously unselected package libxv1:amd64.
#7 24.11 Preparing to unpack .../195-libxv1_2%3a1.0.11-1build2_amd64.deb ...
#7 24.11 Unpacking libxv1:amd64 (2:1.0.11-1build2) ...
#7 24.13 Selecting previously unselected package libavdevice58:amd64.
#7 24.13 Preparing to unpack .../196-libavdevice58_7%3a4.4.2-0ubuntu0.22.04.1_amd64.deb ...
#7 24.13 Unpacking libavdevice58:amd64 (7:4.4.2-0ubuntu0.22.04.1) ...
#7 24.14 Selecting previously unselected package ffmpeg.
#7 24.14 Preparing to unpack .../197-ffmpeg_7%3a4.4.2-0ubuntu0.22.04.1_amd64.deb ...
#7 24.14 Unpacking ffmpeg (7:4.4.2-0ubuntu0.22.04.1) ...
#7 24.16 Selecting previously unselected package libcurl3-gnutls:amd64.
#7 24.16 Preparing to unpack .../198-libcurl3-gnutls_7.81.0-1ubuntu1.27_amd64.deb ...
#7 24.16 Unpacking libcurl3-gnutls:amd64 (7.81.0-1ubuntu1.27) ...
#7 24.17 Selecting previously unselected package liberror-perl.
#7 24.17 Preparing to unpack .../199-liberror-perl_0.17029-1_all.deb ...
#7 24.17 Unpacking liberror-perl (0.17029-1) ...
#7 24.18 Selecting previously unselected package git-man.
#7 24.18 Preparing to unpack .../200-git-man_1%3a2.34.1-1ubuntu1.17_all.deb ...
#7 24.19 Unpacking git-man (1:2.34.1-1ubuntu1.17) ...
#7 24.20 Selecting previously unselected package git.
#7 24.20 Preparing to unpack .../201-git_1%3a2.34.1-1ubuntu1.17_amd64.deb ...
#7 24.21 Unpacking git (1:2.34.1-1ubuntu1.17) ...
#7 24.29 Selecting previously unselected package libc-dev-bin.
#7 24.29 Preparing to unpack .../202-libc-dev-bin_2.35-0ubuntu3.15_amd64.deb ...
#7 24.29 Unpacking libc-dev-bin (2.35-0ubuntu3.15) ...
#7 24.30 Selecting previously unselected package linux-libc-dev:amd64.
#7 24.30 Preparing to unpack .../203-linux-libc-dev_5.15.0-191.201_amd64.deb ...
#7 24.30 Unpacking linux-libc-dev:amd64 (5.15.0-191.201) ...
#7 24.42 Selecting previously unselected package libcrypt-dev:amd64.
#7 24.42 Preparing to unpack .../204-libcrypt-dev_1%3a4.4.27-1_amd64.deb ...
#7 24.42 Unpacking libcrypt-dev:amd64 (1:4.4.27-1) ...
#7 24.43 Selecting previously unselected package rpcsvc-proto.
#7 24.43 Preparing to unpack .../205-rpcsvc-proto_1.4.2-0ubuntu6_amd64.deb ...
#7 24.43 Unpacking rpcsvc-proto (1.4.2-0ubuntu6) ...
#7 24.45 Selecting previously unselected package libtirpc-dev:amd64.
#7 24.45 Preparing to unpack .../206-libtirpc-dev_1.3.2-2ubuntu0.1_amd64.deb ...
#7 24.45 Unpacking libtirpc-dev:amd64 (1.3.2-2ubuntu0.1) ...
#7 24.46 Selecting previously unselected package libnsl-dev:amd64.
#7 24.46 Preparing to unpack .../207-libnsl-dev_1.3.0-2build2_amd64.deb ...
#7 24.47 Unpacking libnsl-dev:amd64 (1.3.0-2build2) ...
#7 24.48 Selecting previously unselected package libc6-dev:amd64.
#7 24.48 Preparing to unpack .../208-libc6-dev_2.35-0ubuntu3.15_amd64.deb ...
#7 24.48 Unpacking libc6-dev:amd64 (2.35-0ubuntu3.15) ...
#7 24.56 Selecting previously unselected package libexpat1-dev:amd64.
#7 24.57 Preparing to unpack .../209-libexpat1-dev_2.4.7-1ubuntu0.7_amd64.deb ...
#7 24.57 Unpacking libexpat1-dev:amd64 (2.4.7-1ubuntu0.7) ...
#7 24.58 Selecting previously unselected package libpython3.10:amd64.
#7 24.58 Preparing to unpack .../210-libpython3.10_3.10.12-1~22.04.18_amd64.deb ...
#7 24.58 Unpacking libpython3.10:amd64 (3.10.12-1~22.04.18) ...
#7 24.61 Selecting previously unselected package zlib1g-dev:amd64.
#7 24.61 Preparing to unpack .../211-zlib1g-dev_1%3a1.2.11.dfsg-2ubuntu9.2_amd64.deb ...
#7 24.61 Unpacking zlib1g-dev:amd64 (1:1.2.11.dfsg-2ubuntu9.2) ...
#7 24.62 Selecting previously unselected package libpython3.10-dev:amd64.
#7 24.62 Preparing to unpack .../212-libpython3.10-dev_3.10.12-1~22.04.18_amd64.deb ...
#7 24.62 Unpacking libpython3.10-dev:amd64 (3.10.12-1~22.04.18) ...
#7 24.69 Selecting previously unselected package python3-lib2to3.
#7 24.69 Preparing to unpack .../213-python3-lib2to3_3.10.8-1~22.04_all.deb ...
#7 24.69 Unpacking python3-lib2to3 (3.10.8-1~22.04) ...
#7 24.72 Selecting previously unselected package python3-distutils.
#7 24.72 Preparing to unpack .../214-python3-distutils_3.10.8-1~22.04_all.deb ...
#7 24.72 Unpacking python3-distutils (3.10.8-1~22.04) ...
#7 24.74 Selecting previously unselected package python3-setuptools.
#7 24.74 Preparing to unpack .../215-python3-setuptools_59.6.0-1.2ubuntu0.22.04.3_all.deb ...
#7 24.74 Unpacking python3-setuptools (59.6.0-1.2ubuntu0.22.04.3) ...
#7 24.77 Selecting previously unselected package python3-wheel.
#7 24.77 Preparing to unpack .../216-python3-wheel_0.37.1-2ubuntu0.22.04.1_all.deb ...
#7 24.77 Unpacking python3-wheel (0.37.1-2ubuntu0.22.04.1) ...
#7 24.78 Selecting previously unselected package python3-pip.
#7 24.79 Preparing to unpack .../217-python3-pip_22.0.2+dfsg-1ubuntu0.7_all.deb ...
#7 24.79 Unpacking python3-pip (22.0.2+dfsg-1ubuntu0.7) ...
#7 24.87 Selecting previously unselected package python3.10-dev.
#7 24.87 Preparing to unpack .../218-python3.10-dev_3.10.12-1~22.04.18_amd64.deb ...
#7 24.87 Unpacking python3.10-dev (3.10.12-1~22.04.18) ...
#7 24.89 Setting up libgme0:amd64 (0.6.3-2) ...
#7 24.89 Setting up libssh-gcrypt-4:amd64 (0.9.6-2ubuntu0.22.04.8) ...
#7 24.90 Setting up media-types (7.0.0) ...
#7 24.90 Setting up libgraphite2-3:amd64 (1.3.14-1ubuntu0.1) ...
#7 24.90 Setting up libsrt1.4-gnutls:amd64 (1.4.4-4) ...
#7 24.90 Setting up libpixman-1-0:amd64 (0.40.0-1ubuntu0.22.04.1) ...
#7 24.91 Setting up libudfread0:amd64 (1.1.2-1) ...
#7 24.91 Setting up libwayland-server0:amd64 (1.20.0-1ubuntu0.1) ...
#7 24.91 Setting up libaom3:amd64 (3.3.0-1ubuntu0.1) ...
#7 24.91 Setting up libpciaccess0:amd64 (0.16-3) ...
#7 24.92 Setting up librabbitmq4:amd64 (0.10.0-1ubuntu2.2) ...
#7 24.92 Setting up libxau6:amd64 (1:1.0.9-1build5) ...
#7 24.92 Setting up libraw1394-11:amd64 (2.1.2-2build2) ...
#7 24.92 Setting up libapparmor1:amd64 (3.0.4-2ubuntu2.5) ...
#7 24.93 Setting up libpsl5:amd64 (0.21.0-1.2build2) ...
#7 24.93 Setting up libcodec2-1.0:amd64 (1.0.1-3) ...
#7 24.93 Setting up libsodium23:amd64 (1.0.18-1ubuntu0.22.04.1) ...
#7 24.93 Setting up libmpg123-0:amd64 (1.29.3-1ubuntu0.1) ...
#7 24.94 Setting up libogg0:amd64 (1.3.5-0ubuntu3) ...
#7 24.94 Setting up libspeex1:amd64 (1.2~rc1.2-1.1ubuntu3) ...
#7 24.94 Setting up libshine3:amd64 (3.1.1-2) ...
#7 24.94 Setting up libtwolame0:amd64 (0.4.0-2build2) ...
#7 24.95 Setting up libdatrie1:amd64 (0.2.13-2) ...
#7 24.95 Setting up libgsm1:amd64 (1.0.19-1) ...
#7 24.95 Setting up libglib2.0-0:amd64 (2.72.4-0ubuntu2.9) ...
#7 24.95 No schema files found: doing nothing.
#7 24.96 Setting up libglvnd0:amd64 (1.4.0-1) ...
#7 24.96 Setting up libpgm-5.3-0:amd64 (5.3.128~dfsg-2) ...
#7 24.96 Setting up libbrotli1:amd64 (1.0.9-2build6) ...
#7 24.96 Setting up libgdk-pixbuf2.0-common (2.42.8+dfsg-1ubuntu0.5) ...
#7 24.97 Setting up libnorm1:amd64 (1.5.9+dfsg-2) ...
#7 24.98 Setting up libmysofa1:amd64 (1.2.1~dfsg0-1) ...
#7 24.98 Setting up x11-common (1:7.7+23ubuntu2) ...
#7 25.03 invoke-rc.d: could not determine current runlevel
#7 25.03 invoke-rc.d: policy-rc.d denied execution of start.
#7 25.03 Setting up libsensors-config (1:3.6.0-7ubuntu1) ...
#7 25.03 Setting up libnghttp2-14:amd64 (1.43.0-1ubuntu0.4) ...
#7 25.04 Setting up libdeflate0:amd64 (1.10-2) ...
#7 25.04 Setting up linux-libc-dev:amd64 (5.15.0-191.201) ...
#7 25.04 Setting up xkb-data (2.33-1) ...
#7 25.04 Setting up libgomp1:amd64 (12.3.0-1ubuntu1~22.04.3) ...
#7 25.05 Setting up libcdio19:amd64 (2.1.0-3ubuntu0.2) ...
#7 25.05 Setting up perl-modules-5.34 (5.34.0-3ubuntu1.9) ...
#7 25.05 Setting up libxvidcore4:amd64 (2:1.3.7-1) ...
#7 25.05 Setting up libjbig0:amd64 (2.1-3.1ubuntu0.22.04.1) ...
#7 25.06 Setting up libsnappy1v5:amd64 (1.1.8-1build3) ...
#7 25.06 Setting up libflac8:amd64 (1.3.3-2ubuntu0.2) ...
#7 25.06 Setting up libasound2-data (1.2.6.1-1ubuntu1.2) ...
#7 25.06 Setting up ca-certificates (20260601~22.04.1) ...
#7 25.87 Updating certificates in /etc/ssl/certs...
#7 26.32 rehash: warning: skipping ca-certificates.crt,it does not contain exactly one certificate or CRL
#7 26.33 24 added, 40 removed; done.
#7 26.49 Setting up libblas3:amd64 (3.10.0-2ubuntu1) ...
#7 26.49 update-alternatives: using /usr/lib/x86_64-linux-gnu/blas/libblas.so.3 to provide /usr/lib/x86_64-linux-gnu/libblas.so.3 (libblas.so.3-x86_64-linux-gnu) in auto mode
#7 26.50 Setting up libtirpc-dev:amd64 (1.3.2-2ubuntu0.1) ...
#7 26.50 Setting up rpcsvc-proto (1.4.2-0ubuntu6) ...
#7 26.50 Setting up libslang2:amd64 (2.3.2-5build4) ...
#7 26.50 Setting up libva2:amd64 (2.14.0-1) ...
#7 26.51 Setting up libx11-data (2:1.7.5-1ubuntu0.3) ...
#7 26.51 Setting up librtmp1:amd64 (2.4+20151223.gitfa8646d.1-2build4) ...
#7 26.51 Setting up libx264-163:amd64 (2:0.163.3060+git5db6aa6-2build1) ...
#7 26.52 Setting up libdbus-1-3:amd64 (1.12.20-2ubuntu4.1) ...
#7 26.52 Setting up libfribidi0:amd64 (1.0.8-2ubuntu3.1) ...
#7 26.52 Setting up libopus0:amd64 (1.3.1-0.1build2) ...
#7 26.53 Setting up libquadmath0:amd64 (12.3.0-1ubuntu1~22.04.3) ...
#7 26.53 Setting up libpng16-16:amd64 (1.6.37-3ubuntu0.6) ...
#7 26.53 Setting up libvorbis0a:amd64 (1.3.7-1build2) ...
#7 26.53 Setting up fonts-dejavu-core (2.37-2build1) ...
#7 26.54 Setting up ucf (3.0043) ...
#7 26.58 Setting up libsensors5:amd64 (1:3.6.0-7ubuntu1) ...
#7 26.58 Setting up libjpeg-turbo8:amd64 (2.1.2-0ubuntu1) ...
#7 26.59 Setting up libglapi-mesa:amd64 (23.2.1-1ubuntu3.1~22.04.4) ...
#7 26.59 Setting up libssh-4:amd64 (0.9.6-2ubuntu0.22.04.8) ...
#7 26.59 Setting up libgfortran5:amd64 (12.3.0-1ubuntu1~22.04.3) ...
#7 26.59 Setting up libwebp7:amd64 (1.2.2-2ubuntu0.22.04.2) ...
#7 26.60 Setting up libnuma1:amd64 (2.0.14-3ubuntu2) ...
#7 26.60 Setting up libvidstab1.1:amd64 (1.1.0-2) ...
#7 26.60 Setting up libmd0:amd64 (1.0.4-1build1) ...
#7 26.60 Setting up libnsl-dev:amd64 (1.3.0-2build2) ...
#7 26.61 Setting up ocl-icd-libopencl1:amd64 (2.2.14-3) ...
#7 26.61 Setting up libasyncns0:amd64 (0.8-6build2) ...
#7 26.62 Setting up libxshmfence1:amd64 (1.3-1build4) ...
#7 26.62 Setting up libcrypt-dev:amd64 (1:4.4.27-1) ...
#7 26.62 Setting up libbs2b0:amd64 (3.1.0+dfsg-2.2build1) ...
#7 26.62 Setting up libasound2:amd64 (1.2.6.1-1ubuntu1.2) ...
#7 26.63 Setting up libmpdec3:amd64 (2.5.1-2build2) ...
#7 26.63 Setting up libzimg2:amd64 (3.0.3+ds1-1) ...
#7 26.63 Setting up libcurl4:amd64 (7.81.0-1ubuntu1.27) ...
#7 26.63 Setting up libopenjp2-7:amd64 (2.4.0-6ubuntu0.5) ...
#7 26.64 Setting up git-man (1:2.34.1-1ubuntu1.17) ...
#7 26.64 Setting up libopenal-data (1:1.19.1-2build3) ...
#7 26.64 Setting up libthai-data (0.1.29-1build1) ...
#7 26.64 Setting up libvpx7:amd64 (1.11.0-2ubuntu2.5) ...
#7 26.65 Setting up curl (7.81.0-1ubuntu1.27) ...
#7 26.65 Setting up libwayland-egl1:amd64 (1.20.0-1ubuntu0.1) ...
#7 26.65 Setting up libusb-1.0-0:amd64 (2:1.0.25-1ubuntu2) ...
#7 26.65 Setting up libdav1d5:amd64 (0.9.2-1) ...
#7 26.65 Setting up libmfx1:amd64 (22.3.0-1) ...
#7 26.66 Setting up libc-dev-bin (2.35-0ubuntu3.15) ...
#7 26.66 Setting up libsamplerate0:amd64 (0.2.2-1build1) ...
#7 26.66 Setting up libwebpmux3:amd64 (1.2.2-2ubuntu0.22.04.2) ...
#7 26.66 Setting up libbsd0:amd64 (0.11.5-1) ...
#7 26.67 Setting up libdrm-common (2.4.113-2~ubuntu0.22.04.1) ...
#7 26.67 Setting up libelf1:amd64 (0.186-1ubuntu0.1) ...
#7 26.67 Setting up libzvbi-common (0.2.35-19) ...
#7 26.67 Setting up libmp3lame0:amd64 (3.100-3build2) ...
#7 26.68 Setting up libvorbisenc2:amd64 (1.3.7-1build2) ...
#7 26.68 Setting up libgdbm6:amd64 (1.23-1) ...
#7 26.68 Setting up libicu70:amd64 (70.1-2) ...
#7 26.68 Setting up libiec61883-0:amd64 (1.2.0-4build3) ...
#7 26.69 Setting up libserd-0-0:amd64 (0.30.10-2) ...
#7 26.69 Setting up libxkbcommon0:amd64 (1.4.0-1) ...
#7 26.69 Setting up libwayland-client0:amd64 (1.20.0-1ubuntu0.1) ...
#7 26.69 Setting up libjpeg8:amd64 (8c-2ubuntu10) ...
#7 26.70 Setting up libavc1394-0:amd64 (0.5.4-5build2) ...
#7 26.70 Setting up libzvbi0:amd64 (0.2.35-19) ...
#7 26.70 Setting up libxdmcp6:amd64 (1:1.1.3-0ubuntu5) ...
#7 26.70 Setting up liblapack3:amd64 (3.10.0-2ubuntu1) ...
#7 26.71 update-alternatives: using /usr/lib/x86_64-linux-gnu/lapack/liblapack.so.3 to provide /usr/lib/x86_64-linux-gnu/liblapack.so.3 (liblapack.so.3-x86_64-linux-gnu) in auto mode
#7 26.71 Setting up libxcb1:amd64 (1.14-3ubuntu3) ...
#7 26.71 Setting up libxcb-xfixes0:amd64 (1.14-3ubuntu3) ...
#7 26.71 Setting up libzmq5:amd64 (4.3.4-2) ...
#7 26.71 Setting up libcaca0:amd64 (0.99.beta19-2.2ubuntu4.2) ...
#7 26.72 Setting up libxcb-render0:amd64 (1.14-3ubuntu3) ...
#7 26.72 Setting up libsoxr0:amd64 (0.1.3-4build2) ...
#7 26.72 Setting up libcdio-cdda2:amd64 (10.2+2.0.0-1build3) ...
#7 26.72 Setting up fontconfig-config (2.13.1-4.2ubuntu5) ...
#7 26.77 Setting up libcdio-paranoia2:amd64 (10.2+2.0.0-1build3) ...
#7 26.77 Setting up libxcb-glx0:amd64 (1.14-3ubuntu3) ...
#7 26.77 Setting up libedit2:amd64 (3.1-20210910-1build1) ...
#7 26.77 Setting up libxcb-shape0:amd64 (1.14-3ubuntu3) ...
#7 26.77 Setting up libcurl3-gnutls:amd64 (7.81.0-1ubuntu1.27) ...
#7 26.78 Setting up libxcb-shm0:amd64 (1.14-3ubuntu3) ...
#7 26.78 Setting up libxcb-present0:amd64 (1.14-3ubuntu3) ...
#7 26.78 Setting up libpython3.10-stdlib:amd64 (3.10.12-1~22.04.18) ...
#7 26.78 Setting up libthai0:amd64 (0.1.29-1build1) ...
#7 26.79 Setting up libvorbisfile3:amd64 (1.3.7-1build2) ...
#7 26.79 Setting up libfreetype6:amd64 (2.11.1+dfsg-1ubuntu0.3) ...
#7 26.79 Setting up libxcb-sync1:amd64 (1.14-3ubuntu3) ...
#7 26.79 Setting up libdc1394-25:amd64 (2.2.6-4) ...
#7 26.80 Setting up libgdbm-compat4:amd64 (1.23-1) ...
#7 26.80 Setting up libx265-199:amd64 (3.5-2) ...
#7 26.80 Setting up librubberband2:amd64 (2.0.0-2) ...
#7 26.80 Setting up libsndio7.0:amd64 (1.8.1-1.1) ...
#7 26.81 Setting up libxcb-dri2-0:amd64 (1.14-3ubuntu3) ...
#7 26.81 Setting up libjack-jackd2-0:amd64 (1.9.20~dfsg-1) ...
#7 26.81 Setting up libdrm2:amd64 (2.4.113-2~ubuntu0.22.04.1) ...
#7 26.81 Setting up libflite1:amd64 (2.2-3) ...
#7 26.82 Setting up libva-drm2:amd64 (2.14.0-1) ...
#7 26.82 Setting up libsord-0-0:amd64 (0.16.8-2) ...
#7 26.82 Setting up libwayland-cursor0:amd64 (1.20.0-1ubuntu0.1) ...
#7 26.82 Setting up libxcb-randr0:amd64 (1.14-3ubuntu3) ...
#7 26.83 Setting up libsratom-0-0:amd64 (0.6.8-1) ...
#7 26.84 Setting up libdecor-0-0:amd64 (0.1.0-3build1) ...
#7 26.84 Setting up libc6-dev:amd64 (2.35-0ubuntu3.15) ...
#7 26.84 Setting up libx11-6:amd64 (2:1.7.5-1ubuntu0.3) ...
#7 26.84 Setting up libharfbuzz0b:amd64 (2.7.4-1ubuntu3.2) ...
#7 26.84 Setting up libtiff5:amd64 (4.3.0-6ubuntu0.13) ...
#7 26.85 Setting up libfontconfig1:amd64 (2.13.1-4.2ubuntu5) ...
#7 26.85 Setting up libsndfile1:amd64 (1.0.31-2ubuntu0.2) ...
#7 26.85 Setting up liblilv-0-0:amd64 (0.24.12-2) ...
#7 26.85 Setting up libxml2:amd64 (2.9.13+dfsg-1ubuntu0.12) ...
#7 26.86 Setting up libopenmpt0:amd64 (0.6.1-1) ...
#7 26.86 Setting up libpython3-stdlib:amd64 (3.10.6-1~22.04.1) ...
#7 26.86 Setting up libdrm-amdgpu1:amd64 (2.4.113-2~ubuntu0.22.04.1) ...
#7 26.86 Setting up libxcb-dri3-0:amd64 (1.14-3ubuntu3) ...
#7 26.87 Setting up libx11-xcb1:amd64 (2:1.7.5-1ubuntu0.3) ...
#7 26.87 Setting up libpython3.10:amd64 (3.10.12-1~22.04.18) ...
#7 26.87 Setting up fontconfig (2.13.1-4.2ubuntu5) ...
#7 26.87 Regenerating fonts cache... done.
#7 28.88 Setting up libperl5.34:amd64 (5.34.0-3ubuntu1.9) ...
#7 28.89 Setting up libdrm-nouveau2:amd64 (2.4.113-2~ubuntu0.22.04.1) ...
#7 28.89 Setting up python3.10 (3.10.12-1~22.04.18) ...
#7 29.21 Setting up libxrender1:amd64 (1:0.9.10-1build4) ...
#7 29.21 Setting up libgbm1:amd64 (23.2.1-1ubuntu3.1~22.04.4) ...
#7 29.22 Setting up libpulse0:amd64 (1:15.99.1+dfsg1-1ubuntu2.2) ...
#7 29.22 Setting up libdrm-radeon1:amd64 (2.4.113-2~ubuntu0.22.04.1) ...
#7 29.23 Setting up libpango-1.0-0:amd64 (1.50.6+ds-2ubuntu1) ...
#7 29.23 Setting up libdrm-intel1:amd64 (2.4.113-2~ubuntu0.22.04.1) ...
#7 29.23 Setting up libxext6:amd64 (2:1.3.4-1build1) ...
#7 29.23 Setting up python3 (3.10.6-1~22.04.1) ...
#7 29.28 Setting up libopenal1:amd64 (1:1.19.1-2build3) ...
#7 29.28 Setting up libcairo2:amd64 (1.16.0-5ubuntu2.1) ...
#7 29.29 Setting up libxxf86vm1:amd64 (1:1.1.4-1build3) ...
#7 29.29 Setting up perl (5.34.0-3ubuntu1.9) ...
#7 29.30 Setting up libexpat1-dev:amd64 (2.4.7-1ubuntu0.7) ...
#7 29.30 Setting up libass9:amd64 (1:0.15.2-1) ...
#7 29.30 Setting up libxfixes3:amd64 (1:6.0.0-1) ...
#7 29.30 Setting up shared-mime-info (2.1-2) ...
#7 29.80 Setting up libxinerama1:amd64 (2:1.1.4-3) ...
#7 29.80 Setting up libxv1:amd64 (2:1.0.11-1build2) ...
#7 29.80 Setting up libxrandr2:amd64 (2:1.5.2-1build1) ...
#7 29.81 Setting up zlib1g-dev:amd64 (1:1.2.11.dfsg-2ubuntu9.2) ...
#7 29.81 Setting up libvdpau1:amd64 (1.4-3build2) ...
#7 29.81 Setting up libllvm15:amd64 (1:15.0.7-0ubuntu0.22.04.3) ...
#7 29.82 Setting up libtheora0:amd64 (1.1.1+dfsg.1-15ubuntu4) ...
#7 29.82 Setting up libgdk-pixbuf-2.0-0:amd64 (2.42.8+dfsg-1ubuntu0.5) ...
#7 29.83 Setting up libcairo-gobject2:amd64 (1.16.0-5ubuntu2.1) ...
#7 29.83 Setting up libxss1:amd64 (1:1.2.3-1build2) ...
#7 29.84 Setting up libpangoft2-1.0-0:amd64 (1.50.6+ds-2ubuntu1) ...
#7 29.84 Setting up libbluray2:amd64 (1:1.3.1-1) ...
#7 29.85 Setting up libva-x11-2:amd64 (2.14.0-1) ...
#7 29.85 Setting up python3-lib2to3 (3.10.8-1~22.04) ...
#7 29.90 Setting up libpangocairo-1.0-0:amd64 (1.50.6+ds-2ubuntu1) ...
#7 29.91 Setting up python3-pkg-resources (59.6.0-1.2ubuntu0.22.04.3) ...
#7 30.00 Setting up python3-distutils (3.10.8-1~22.04) ...
#7 30.07 Setting up python3-setuptools (59.6.0-1.2ubuntu0.22.04.3) ...
#7 30.27 Setting up libxi6:amd64 (2:1.8-1build1) ...
#7 30.28 Setting up libsphinxbase3:amd64 (0.8+5prealpha+1-13build1) ...
#7 30.28 Setting up libxcursor1:amd64 (1:1.2.0-2build4) ...
#7 30.29 Setting up libgl1-mesa-dri:amd64 (23.2.1-1ubuntu3.1~22.04.4) ...
#7 30.29 Setting up python3-wheel (0.37.1-2ubuntu0.22.04.1) ...
#7 30.36 Setting up libavutil56:amd64 (7:4.4.2-0ubuntu0.22.04.1) ...
#7 30.36 Setting up librsvg2-2:amd64 (2.52.5+dfsg-3ubuntu0.2) ...
#7 30.37 Setting up liberror-perl (0.17029-1) ...
#7 30.37 Setting up libpocketsphinx3:amd64 (0.8.0+real5prealpha+1-14ubuntu1) ...
#7 30.37 Setting up libpostproc55:amd64 (7:4.4.2-0ubuntu0.22.04.1) ...
#7 30.37 Setting up libpython3.10-dev:amd64 (3.10.12-1~22.04.18) ...
#7 30.38 Setting up git (1:2.34.1-1ubuntu1.17) ...
#7 30.38 Setting up python3-pip (22.0.2+dfsg-1ubuntu0.7) ...
#7 30.91 Setting up python3.10-dev (3.10.12-1~22.04.18) ...
#7 30.91 Setting up libswscale5:amd64 (7:4.4.2-0ubuntu0.22.04.1) ...
#7 30.91 Setting up libsdl2-2.0-0:amd64 (2.0.20+dfsg-2ubuntu1.22.04.1) ...
#7 30.91 Setting up libglx-mesa0:amd64 (23.2.1-1ubuntu3.1~22.04.4) ...
#7 30.92 Setting up libglx0:amd64 (1.4.0-1) ...
#7 30.92 Setting up libswresample3:amd64 (7:4.4.2-0ubuntu0.22.04.1) ...
#7 30.92 Setting up libgl1:amd64 (1.4.0-1) ...
#7 30.93 Setting up libavcodec58:amd64 (7:4.4.2-0ubuntu0.22.04.1) ...
#7 30.93 Setting up libchromaprint1:amd64 (1.5.1-2) ...
#7 30.93 Setting up libavformat58:amd64 (7:4.4.2-0ubuntu0.22.04.1) ...
#7 30.93 Setting up libavfilter7:amd64 (7:4.4.2-0ubuntu0.22.04.1) ...
#7 30.94 Setting up libavdevice58:amd64 (7:4.4.2-0ubuntu0.22.04.1) ...
#7 30.95 Setting up ffmpeg (7:4.4.2-0ubuntu0.22.04.1) ...
#7 30.95 Processing triggers for libc-bin (2.35-0ubuntu3.6) ...
#7 30.97 Processing triggers for ca-certificates (20260601~22.04.1) ...
#7 30.97 Updating certificates in /etc/ssl/certs...
#7 31.25 0 added, 0 removed; done.
#7 31.25 Running hooks in /etc/ca-certificates/update.d...
#7 31.25 done.
#7 DONE 36.7s

#8 [3/9] RUN git clone --depth 1 https://github.com/resemble-ai/chatterbox.git /opt/chatterbox  && cd /opt/chatterbox  && pip install --no-cache-dir .  && python -c "import chatterbox; print('chatterbox installe')"  && rm -rf /opt/chatterbox/.git
#8 0.093 Cloning into '/opt/chatterbox'...
#8 1.424 Processing /opt/chatterbox
#8 1.493   Installing build dependencies: started
#8 3.043   Installing build dependencies: finished with status 'done'
#8 3.047   Getting requirements to build wheel: started
#8 3.120   Getting requirements to build wheel: finished with status 'done'
#8 3.184   Installing backend dependencies: started
#8 4.198   Installing backend dependencies: finished with status 'done'
#8 4.202   Preparing metadata (pyproject.toml): started
#8 4.283   Preparing metadata (pyproject.toml): finished with status 'done'
#8 4.284 Building wheels for collected packages: UNKNOWN
#8 4.285   Building wheel for UNKNOWN (pyproject.toml): started
#8 4.381   Building wheel for UNKNOWN (pyproject.toml): finished with status 'done'
#8 4.381   Created wheel for UNKNOWN: filename=UNKNOWN-0.0.0-py3-none-any.whl size=1790 sha256=33863f16c4355bad532d463cb2eb844e471fd668ccaf41a7849e652d0f20518e
#8 4.381   Stored in directory: /tmp/pip-ephem-wheel-cache-d7su9de5/wheels/50/5c/46/9693e7d8a97bd437049a0c461467605b5d5010ad355ed4b748
#8 4.382 Successfully built UNKNOWN
#8 4.384 Installing collected packages: UNKNOWN
#8 4.389 Successfully installed UNKNOWN-0.0.0
#8 4.389 WARNING: Running pip as the 'root' user can result in broken permissions and conflicting behaviour with the system package manager. It is recommended to use a virtual environment instead: https://pip.pypa.io/warnings/venv
#8 4.440 Traceback (most recent call last):
#8 4.440   File "<string>", line 1, in <module>
#8 4.440 ModuleNotFoundError: No module named 'chatterbox'
#8 ERROR: process "/bin/sh -c git clone --depth 1 https://github.com/resemble-ai/chatterbox.git /opt/chatterbox  && cd /opt/chatterbox  && pip install --no-cache-dir .  && python -c \"import chatterbox; print('chatterbox installe')\"  && rm -rf /opt/chatterbox/.git" did not complete successfully: exit code: 1
------
 > [3/9] RUN git clone --depth 1 https://github.com/resemble-ai/chatterbox.git /opt/chatterbox  && cd /opt/chatterbox  && pip install --no-cache-dir .  && python -c "import chatterbox; print('chatterbox installe')"  && rm -rf /opt/chatterbox/.git:
4.381   Building wheel for UNKNOWN (pyproject.toml): finished with status 'done'
4.381   Created wheel for UNKNOWN: filename=UNKNOWN-0.0.0-py3-none-any.whl size=1790 sha256=33863f16c4355bad532d463cb2eb844e471fd668ccaf41a7849e652d0f20518e
4.381   Stored in directory: /tmp/pip-ephem-wheel-cache-d7su9de5/wheels/50/5c/46/9693e7d8a97bd437049a0c461467605b5d5010ad355ed4b748
4.382 Successfully built UNKNOWN
4.384 Installing collected packages: UNKNOWN
4.389 Successfully installed UNKNOWN-0.0.0
4.389 WARNING: Running pip as the 'root' user can result in broken permissions and conflicting behaviour with the system package manager. It is recommended to use a virtual environment instead: https://pip.pypa.io/warnings/venv
4.440 Traceback (most recent call last):
4.440   File "<string>", line 1, in <module>
4.440 ModuleNotFoundError: No module named 'chatterbox'
------
Dockerfile.chatterbox:31
--------------------
  30 |     # installe. L'import ci-dessous echouerait desormais si cela se reproduisait.
  31 | >>> RUN git clone --depth 1 https://github.com/resemble-ai/chatterbox.git /opt/chatterbox \
  32 | >>>  && cd /opt/chatterbox \
  33 | >>>  && pip install --no-cache-dir . \
  34 | >>>  && python -c "import chatterbox; print('chatterbox installe')" \
  35 | >>>  && rm -rf /opt/chatterbox/.git
  36 |     
--------------------
ERROR: failed to build: failed to solve: process "/bin/sh -c git clone --depth 1 https://github.com/resemble-ai/chatterbox.git /opt/chatterbox  && cd /opt/chatterbox  && pip install --no-cache-dir .  && python -c \"import chatterbox; print('chatterbox installe')\"  && rm -rf /opt/chatterbox/.git" did not complete successfully: exit code: 1
